[0;34m[14:36:47][0m Current version: 0.4.65
[0;34m[14:36:47][0m Auto-incremented version: 0.4.66
[0;34m[14:36:47][0m Starting automated release process for version 0.4.66...
[0;34m[14:36:47][0m Log file: auto-release-20251027-143646.log
[0;34m[14:36:47][0m Running pre-flight checks...
[0;32m[SUCCESS][0m Pre-flight checks passed
[0;34m[14:36:47][0m Step 1: Finding latest notarized Boring Notch from Xcode Organizer...
[0;34m[14:36:47][0m Found: /Users/vijayeesam/Library/Developer/Xcode/Archives/2025-10-27/boringNotch 27-10-25, 2.35 PM.xcarchive/Submissions/AA669D35-C920-47ED-B7DB-C8B7052D1CF0/Ve.Ai.app
[0;34m[14:36:47][0m Notarization ID: AA669D35-C920-47ED-B7DB-C8B7052D1CF0
[0;34m[14:36:47][0m Step 2: Verifying notarized Boring Notch...
[1;33m[DRY RUN][0m Would execute: codesign --verify --deep --strict --verbose=4 '/Users/vijayeesam/Library/Developer/Xcode/Archives/2025-10-27/boringNotch 27-10-25, 2.35 PM.xcarchive/Submissions/AA669D35-C920-47ED-B7DB-C8B7052D1CF0/Ve.Ai.app' >/dev/null 2>&1
[0;32m[SUCCESS][0m Latest Boring Notch app: FULLY VALID
[0;34m[14:36:47][0m Step 3: Cleaning previous builds...
[1;33m[DRY RUN][0m Would execute: rm -rf 'dist/mac-arm64'
[1;33m[DRY RUN][0m Would execute: rm -f 'dist/Ve.AI-arm64-mac.dmg'
[1;33m[DRY RUN][0m Would execute: rm -rf 'build'
[1;33m[DRY RUN][0m Would execute: rm -rf 'node_modules/.cache'
[1;33m[DRY RUN][0m Would execute: rm -rf 'dist-electron'
[0;34m[14:36:47][0m Step 4: Building frontend...
[1;33m[DRY RUN][0m Would execute: npx cross-env NODE_ENV=production VITE_ELECTRON_SHOW_DYNAMIC_ISLAND=false node --max-old-space-size=12288 --expose-gc --optimize-for-size node_modules/vite/bin/vite.js build --mode production
[0;34m[14:36:47][0m Step 5: Building Electron app...
[1;33m[DRY RUN][0m Would execute: npx electron-builder --mac --config.mac.notarize=false --config.mac.identity='78938D6BD917C0A989E868F19A63C3195D240837'
[0;34m[14:36:47][0m Step 6: Integrating latest notarized Boring Notch...
[1;33m[DRY RUN][0m Would execute: rm -rf 'dist/mac-arm64/Ve AI.app/Contents/Resources/Ve.Ai.app'
[1;33m[DRY RUN][0m Would execute: cp -R '/Users/vijayeesam/Library/Developer/Xcode/Archives/2025-10-27/boringNotch 27-10-25, 2.35 PM.xcarchive/Submissions/AA669D35-C920-47ED-B7DB-C8B7052D1CF0/Ve.Ai.app' 'dist/mac-arm64/Ve AI.app/Contents/Resources/Ve.Ai.app'
[0;34m[14:36:47][0m Step 7: Re-signing main Electron app...
[1;33m[DRY RUN][0m Would execute: codesign --force --options runtime --timestamp --sign 'Developer ID Application: VE AI PRIVATE LIMITED (47J296MPWB)' --entitlements 'entitlements/entitlements.mac.plist' 'dist/mac-arm64/Ve AI.app'
[0;34m[14:36:47][0m Step 8: Creating DMG...
[1;33m[DRY RUN][0m Would execute: hdiutil create -volname 'Ve AI 0.4.66-arm64' -srcfolder 'dist/mac-arm64' -ov -format UDZO 'dist/Ve.AI-arm64-mac.dmg'
[1;33m[WARNING][0m Skipping notarization (--skip-notarize flag used)
[0;34m[14:36:47][0m Step 12: Updating version to 0.4.66...
[1;33m[DRY RUN][0m Would execute: npm version '0.4.66' --no-git-tag-version
[0;34m[14:36:47][0m Step 13: Creating GitHub release...
[1;33m[WARNING][0m GitHub CLI (gh) not found. Skipping GitHub release creation.
[1;33m[WARNING][0m Install with: brew install gh
[0;32m[SUCCESS][0m 🎉 Dry run completed successfully!
[0;34m[14:36:47][0m No actual changes were made. Run without --dry-run to execute.
[0;34m[14:36:47][0m Version: 0.4.66
[0;34m[14:36:47][0m DMG: dist/Ve.AI-arm64-mac.dmg
[0;34m[14:36:47][0m Log file: auto-release-20251027-143646.log
[0;34m[14:36:47][0m GitHub Release: https://github.com/veaiinc/ve-desktop-app-updater/releases/tag/v0.4.66
