[0;34m[14:44:19][0m Current version: 0.4.65
[0;34m[14:44:19][0m Auto-incremented version: 0.4.66
[0;34m[14:44:19][0m Starting automated release process for version 0.4.66...
[0;34m[14:44:19][0m Log file: auto-release-20251027-144419.log
[0;34m[14:44:19][0m Running pre-flight checks...
[0;34m[14:44:19][0m Notarization will use profile: veai-profile-2
[0;32m[SUCCESS][0m Pre-flight checks passed
[0;34m[14:44:19][0m Step 1: Finding latest notarized Boring Notch from Xcode Organizer...
[0;34m[14:44:19][0m Found: /Users/vijayeesam/Library/Developer/Xcode/Archives/2025-10-27/boringNotch 27-10-25, 2.35 PM.xcarchive/Submissions/AA669D35-C920-47ED-B7DB-C8B7052D1CF0/Ve.Ai.app
[0;34m[14:44:19][0m Notarization ID: AA669D35-C920-47ED-B7DB-C8B7052D1CF0
[0;34m[14:44:19][0m Step 2: Verifying notarized Boring Notch...
[0;32m[SUCCESS][0m Latest Boring Notch app: FULLY VALID
[0;34m[14:44:19][0m Step 3: Cleaning previous builds...
[0;34m[14:44:19][0m Step 4: Building frontend...
vite v6.3.6 building for production...
✅ Copied app-logo.icns to dist-electron/assets/
✅ Copied app-logo.ico to dist-electron/assets/
✅ Copied ve-black-circle-logo.png to dist-electron/assets/
transforming...
[plugin vite:resolve] Module "fs" has been externalized for browser compatibility, imported by "/Users/vijayeesam/Desktop/ve-desktop-app/node_modules/electron/index.js". See https://vite.dev/guide/troubleshooting.html#module-externalized-for-browser-compatibility for more details.
[plugin vite:resolve] Module "path" has been externalized for browser compatibility, imported by "/Users/vijayeesam/Desktop/ve-desktop-app/node_modules/electron/index.js". See https://vite.dev/guide/troubleshooting.html#module-externalized-for-browser-compatibility for more details.
✓ 10605 modules transformed.
rendering chunks...
build/areYouThere.html                                         0.69 kB
build/overlay.html                                             1.40 kB
build/dynamic-island.html                                      1.43 kB
build/askAI.html                                               2.32 kB
build/assets/gear-1XQ5I54P.svg                                 4.13 kB
build/assets/searchSparkle-CJiSlQGW.svg                        4.28 kB
build/error-fallback.html                                      4.32 kB
build/assets/velogo-CcWUmh5i.svg                               4.37 kB
build/assets/veLogo-BiNAoQXH.svg                               4.40 kB
build/assets/KaTeX_Size3-Regular-CTq5MqoE.woff                 4.42 kB
build/assets/micromeet-CCIYc7Hz.svg                            4.64 kB
build/assets/light-LU-aIObq.svg                                4.70 kB
build/assets/activeTiktok-B59qL3Pf.svg                         4.72 kB
build/assets/memory-CTtrVLz4.svg                               4.92 kB
build/assets/KaTeX_Size4-Regular-Dl5lxZxV.woff2                4.93 kB
build/assets/KaTeX_Size2-Regular-Dy4dx90m.woff2                5.21 kB
build/assets/google-calendar-logo-BdCO6I66.png                 5.32 kB
build/assets/KaTeX_Size1-Regular-mCD8mA8B.woff2                5.47 kB
build/assets/team-members-C5bck8NT.svg                         5.55 kB
build/assets/KaTeX_Size4-Regular-BF-4gkZK.woff                 5.98 kB
build/assets/KaTeX_Size2-Regular-oD1tc_U0.woff                 6.19 kB
build/assets/slack-qrmLIX1C.svg                                6.22 kB
build/assets/KaTeX_Size1-Regular-C195tn64.woff                 6.50 kB
build/assets/KaTeX_Caligraphic-Regular-Di6jR-x-.woff2          6.91 kB
build/assets/KaTeX_Caligraphic-Bold-Dq_IR9rO.woff2             6.91 kB
build/assets/KaTeX_Size3-Regular-DgpXs0kz.ttf                  7.59 kB
build/assets/KaTeX_Caligraphic-Regular-CTRA-rTL.woff           7.66 kB
build/assets/KaTeX_Caligraphic-Bold-BEiXGLvX.woff              7.72 kB
build/assets/windmill-_CsFgd6F.svg                             8.18 kB
build/index.html                                               8.53 kB
build/assets/KaTeX_Script-Regular-D3wIWfF6.woff2               9.64 kB
build/assets/KaTeX_SansSerif-Regular-DDBCnlJ7.woff2           10.34 kB
build/assets/KaTeX_Size4-Regular-DWFBv043.ttf                 10.36 kB
build/assets/KaTeX_Script-Regular-D5yQViql.woff               10.59 kB
build/assets/KaTeX_Fraktur-Regular-CTYiF6lA.woff2             11.32 kB
build/assets/KaTeX_Fraktur-Bold-CL6g_b3V.woff2                11.35 kB
build/assets/KaTeX_Size2-Regular-B7gKUWhC.ttf                 11.51 kB
build/assets/KaTeX_SansSerif-Italic-C3H0VqGB.woff2            12.03 kB
build/assets/KaTeX_SansSerif-Bold-D1sUS0GD.woff2              12.22 kB
build/assets/KaTeX_Size1-Regular-Dbsnue_I.ttf                 12.23 kB
build/assets/KaTeX_SansSerif-Regular-CS6fqUqJ.woff            12.32 kB
build/assets/KaTeX_Caligraphic-Regular-wX97UBjC.ttf           12.34 kB
build/assets/KaTeX_Caligraphic-Bold-ATXxdsX0.ttf              12.37 kB
build/assets/KaTeX_Fraktur-Regular-Dxdc4cR9.woff              13.21 kB
build/assets/KaTeX_Fraktur-Bold-BsDP51OF.woff                 13.30 kB
build/assets/KaTeX_Typewriter-Regular-CO6r4hn1.woff2          13.57 kB
build/assets/KaTeX_SansSerif-Italic-DN2j7dab.woff             14.11 kB
build/assets/KaTeX_SansSerif-Bold-DbIhKOiC.woff               14.41 kB
build/assets/ve-BB6cVgJ4.svg                                  14.58 kB
build/assets/KaTeX_Typewriter-Regular-C0xS9mPB.woff           16.03 kB
build/assets/KaTeX_Math-BoldItalic-CZnvNsCZ.woff2             16.40 kB
build/assets/KaTeX_Math-Italic-t53AETM-.woff2                 16.44 kB
build/assets/inter-v12-latin-100-BQDzDElq.woff2               16.55 kB
build/assets/KaTeX_Script-Regular-C5JkGWo-.ttf                16.65 kB
build/assets/inter-v12-latin-regular-YtgfLPRn.woff2           16.71 kB
build/assets/KaTeX_Main-BoldItalic-DxDJ3AOS.woff2             16.78 kB
build/assets/KaTeX_Main-Italic-NWA7e6Wa.woff2                 16.99 kB
build/assets/inter-v12-latin-900-CMga-52B.woff2               17.18 kB
build/assets/inter-v12-latin-300-DEbyFmpd.woff2               17.33 kB
build/assets/inter-v12-latin-200-BxfrU12A.woff2               17.34 kB
build/assets/inter-v12-latin-500-DfX5FI9E.woff2               17.55 kB
build/assets/inter-v12-latin-600-BvOeHRLc.woff2               17.66 kB
build/assets/inter-v12-latin-800-Bdy4lAMa.woff2               17.76 kB
build/assets/inter-v12-latin-700-Bj1B9WKG.woff2               17.78 kB
build/assets/KaTeX_Math-BoldItalic-iY-2wyZ7.woff              18.67 kB
build/assets/KaTeX_Math-Italic-DA0__PXp.woff                  18.75 kB
build/assets/KaTeX_Main-BoldItalic-SpSLRI95.woff              19.41 kB
build/assets/KaTeX_SansSerif-Regular-BNo7hRIc.ttf             19.44 kB
build/assets/KaTeX_Fraktur-Regular-CB_wures.ttf               19.57 kB
build/assets/KaTeX_Fraktur-Bold-BdnERNNW.ttf                  19.58 kB
build/assets/paypal-VN7EPWRP.svg                              19.61 kB
build/assets/KaTeX_Main-Italic-BMLOBm91.woff                  19.68 kB
build/assets/step3Preview-D2n0V-bR.png                        20.28 kB
build/assets/GeneralSans-Extralight-CeoahQd2.woff2            20.92 kB
build/assets/GeneralSans-Bold-Ctx684HN.woff2                  21.18 kB
build/assets/inter-v12-latin-100-46Mq0mOp.woff                21.24 kB
build/assets/inter-v12-latin-regular-CahmJf_6.woff            21.42 kB
build/assets/inter-v12-latin-900-ORHAl5ZU.woff                21.98 kB
build/assets/GeneralSans-400-hpmmc8xE.woff2                   22.11 kB
build/assets/GeneralSans-600-BpEDMuaO.woff2                   22.13 kB
build/assets/inter-v12-latin-300-f7r92Nkj.woff                22.16 kB
build/assets/inter-v12-latin-200-DXfqWPZg.woff                22.24 kB
build/assets/KaTeX_SansSerif-Italic-YYjJ1zSn.ttf              22.36 kB
build/assets/inter-v12-latin-500-BQ2gQN_M.woff                22.52 kB
build/assets/inter-v12-latin-600-D01NXWOK.woff                22.64 kB
build/assets/inter-v12-latin-700-B5TOIllR.woff                22.68 kB
build/assets/inter-v12-latin-800-DFVvDWwT.woff                22.71 kB
build/assets/GeneralSans-Medium-DvEF04Ne.woff2                22.90 kB
build/assets/GeneralSans-Light-ulp9itO8.woff2                 23.25 kB
build/assets/KaTeX_SansSerif-Bold-CFMepnvq.ttf                24.50 kB
build/assets/KaTeX_Main-Bold-Cx986IdX.woff2                   25.32 kB
build/assets/KaTeX_Main-Regular-B22Nviop.woff2                26.27 kB
build/assets/GeneralSans-Extralight-NwzqzUvZ.woff             26.96 kB
build/assets/google-drive-CpG7qAom.svg                        27.06 kB
build/assets/KaTeX_Typewriter-Regular-D3Ib7_Hf.ttf            27.56 kB
build/assets/GeneralSans-Bold-Bd_PtqWW.woff                   27.86 kB
build/assets/KaTeX_AMS-Regular-BQhdFMY1.woff2                 28.08 kB
build/assets/step2Preview-BpajkLem.png                        29.68 kB
build/assets/KaTeX_Main-Bold-Jm3AIy58.woff                    29.91 kB
build/assets/GeneralSans-Medium-sA7I9gJL.woff                 30.25 kB
build/assets/GeneralSans-Light-DzM6pIPN.woff                  30.36 kB
build/assets/KaTeX_Main-Regular-Dr94JaBh.woff                 30.77 kB
build/assets/KaTeX_Math-BoldItalic-B3XSjfu4.ttf               31.20 kB
build/assets/KaTeX_Math-Italic-flOr_0UB.ttf                   31.31 kB
build/assets/creditCoin-Doj_qSgK.png                          31.49 kB
build/assets/GeneralSans-400-Mcn-0JG3.woff                    32.64 kB
build/assets/GeneralSans-600--zPuyAP5.woff                    32.72 kB
build/assets/KaTeX_Main-BoldItalic-DzxPMmG6.ttf               32.97 kB
build/assets/KaTeX_AMS-Regular-DMm9YOAa.woff                  33.52 kB
build/assets/KaTeX_Main-Italic-3WenGoN9.ttf                   33.58 kB
build/assets/note-transcription-C3W8fkvh.gif                  34.68 kB
build/assets/drop-box-logo-5DLKahnA.png                       42.82 kB
build/assets/fonnts.com-recoleta-thin-Cx6ohiTU.otf            48.50 kB
build/assets/fonnts.com-recoletaalt-thin-CNEninSn.otf         48.68 kB
build/assets/fonnts.com-recoleta-medium-DL6tUigG.otf          48.84 kB
build/assets/fonnts.com-recoleta-black-BR-_1k0y.otf           48.92 kB
build/assets/fonnts.com-recoletaalt-medium-vOlG649k.otf       49.04 kB
build/assets/fonnts.com-recoletaalt-black-CbLZtF6e.otf        49.13 kB
build/assets/zoho-logo-DBA90CZn.svg                           49.47 kB
build/assets/fonnts.com-recoleta-light-w7vbVOM7.otf           49.90 kB
build/assets/fonnts.com-recoleta-regular-D-DFqq5r.otf         49.92 kB
build/assets/fonnts.com-recoleta-bold-D_1iqXkJ.otf            49.94 kB
build/assets/fonnts.com-recoleta-semibold-Dy4tj9AL.otf        49.99 kB
build/assets/fonnts.com-recoletaalt-light-IlN5bLPo.otf        50.06 kB
build/assets/fonnts.com-recoletaalt-regular-DBjTJcP-.otf      50.10 kB
build/assets/fonnts.com-recoletaalt-bold-AMZhotmN.otf         50.21 kB
build/assets/fonnts.com-recoletaalt-semibold-CnGNcLbh.otf     50.23 kB
build/assets/KaTeX_Main-Bold-waoOVXN0.ttf                     51.34 kB
build/assets/google-j1LBZdmp.svg                              52.09 kB
build/assets/KaTeX_Main-Regular-ypZvNtVU.ttf                  53.58 kB
build/assets/step1Preview-CpBjXHAQ.png                        54.71 kB
build/assets/KaTeX_AMS-Regular-DRggAlZN.ttf                   63.63 kB
build/assets/Manrope-Light-Cx-P5V5h.ttf                       96.73 kB
build/assets/Manrope-Bold-BNmhpqUF.ttf                        96.80 kB
build/assets/Manrope-Regular-BjNcpSXg.ttf                     96.83 kB
build/assets/Manrope-Medium-Cgspblp2.ttf                      96.90 kB
build/assets/Manrope-SemiBold-Diovf81e.ttf                    96.94 kB
build/assets/Manrope-ExtraBold-BXh4xW2d.ttf                   97.52 kB
build/assets/LibreCaslonDisplay-Regular-CoD1chuI.ttf          97.97 kB
build/assets/Manrope-CZfUxJDf.ttf                            164.94 kB
build/assets/darkimage-DaTErYMD.svg                          197.58 kB
build/assets/image-aGWp6Sn-.png                              202.00 kB
build/assets/Cardo-Regular-Dw7eUNPT.ttf                      391.34 kB
build/assets/Carousel-3-DVqYY9g_.png                       7,368.65 kB
build/assets/Carousel-1-Bh4nkmZ_.png                       8,226.00 kB
build/assets/Carousel-2-CqZj6w20.png                       8,429.89 kB
build/assets/AiSuggestionsReportAiComponent-_Wm6-jZx.css       0.23 kB
build/assets/WindowChromeButtons-Cybc-l8F.css                  0.46 kB
build/assets/PricingCheck-B7z6m49J.css                         1.02 kB
build/assets/otp_input-B82XAHV7.css                            1.08 kB
build/assets/OauthVerify-uxvZz40h.css                          1.31 kB
build/assets/privacyPolicy-Ct3aL_AZ.css                        1.35 kB
build/assets/ContextStates-8kWshreU.css                        1.61 kB
build/assets/ClarifyWidget-CDEj3JPx.css                        1.63 kB
build/assets/arrow-LIuzk7jv.css                                2.00 kB
build/assets/BrowserChainOfThought-CiuAO3oc.css                2.12 kB
build/assets/OverlayNotification-rUXqnXXz.css                  2.17 kB
build/assets/areYouThere-nrbRnvhF.css                          2.39 kB
build/assets/CitationsModal-DDEs1YQT.css                       3.02 kB
build/assets/index-D7dB4tJ5.css                                3.21 kB
build/assets/Voice-y78xd_ji.css                                3.79 kB
build/assets/publicRoutes-CsFhZe9_.css                         4.32 kB
build/assets/grip-vertical-c4SMgcPV.css                        4.36 kB
build/assets/chatHelpers-Dql7PRj0.css                          4.69 kB
build/assets/ChatHistory-BqKC7-yf.css                          4.97 kB
build/assets/FormWidget-BmcrMMXJ.css                           5.25 kB
build/assets/askAI-BDsVMfeP.css                                7.27 kB
build/assets/SwitchWorkspaceModal-B_ZLfQ0A.css                 8.05 kB
build/assets/IntermediateSteps-DIk-Zsfh.css                    8.12 kB
build/assets/suspendedRoute-BlqCL9j5.css                       9.90 kB
build/assets/outlook-mail-Cx90UeRH.css                        11.67 kB
build/assets/workspaceNotFoundRoute-olAl9use.css              11.74 kB
build/assets/DownloadDesktopApp-1RewPkEj.css                  12.03 kB
build/assets/OngoingMeeting-CXXUULJq.css                      12.78 kB
build/assets/ChatPage-CLS4m-Lb.css                            12.92 kB
build/assets/AIMessageRenderer-DJHlSXbH.css                   16.30 kB
build/assets/LoginPage-1PtTNjK2.css                           21.76 kB
build/assets/overlay-JUMt2Ofq.css                             22.24 kB
build/assets/DeepResearchChainOfThought-DVgCA0E9.css          27.11 kB
build/assets/ChatBox-DcXOq1Uj.css                             30.51 kB
build/assets/UnintegratedAgentApps-D-1Q3Ry8.css               31.17 kB
build/assets/pricingPage-CFWEH21K.css                         34.37 kB
build/assets/globalShareModal-CE-XPS34.css                    35.43 kB
build/assets/meetBot-B6RFhQCp.css                             37.22 kB
build/assets/authWrapper-COas9iao.css                         42.90 kB
build/assets/markdownHelper-BAnr5hvS.css                      44.48 kB
build/assets/dynamicIsland-CSEmtOkL.css                       48.93 kB
build/assets/CardMeetBot-rV6_PVSC.css                         54.75 kB
build/assets/addOnCards-B0TMd-BO.css                          64.11 kB
build/assets/meetBotWrapper-DMqUf5fR.css                      84.63 kB
build/assets/NewChat-GDC6ccV3.css                             98.67 kB
build/assets/Onboarding-D9mmWo86.css                         119.23 kB
build/assets/main-vQQ4Vv6G.css                               120.58 kB
build/assets/SettingsWrapper-CJ_oVtas.css                    168.98 kB
build/assets/RecentChat-CJHVUw7C.css                         224.89 kB
build/assets/index-DtZkNW2U.js                                 0.12 kB
build/assets/clock-1j7vya9w.js                                 0.35 kB
build/assets/mic-Cc4R0vIu.js                                   0.41 kB
build/assets/tick-B_AeuOdr.js                                  0.50 kB
build/assets/close-Dpv1RAxF.js                                 0.51 kB
build/assets/uparrow-grey-B0XqD612.js                          0.53 kB
build/assets/ChangeLog-XPCHoFjk.js                             0.56 kB
build/assets/cross-CB64tGGz.js                                 0.56 kB
build/assets/CookiePolicy-CBe4KVwk.js                          0.57 kB
build/assets/PrivacyPolicy-DP_2uOoe.js                         0.57 kB
build/assets/TermsOfService-CuU33wWv.js                        0.57 kB
build/assets/expand-BIhSQkMU.js                                0.57 kB
build/assets/AiSuggestionsReportAiComponent-CaaMM8iw.js        0.62 kB
build/assets/download-mac-BT0OixsE.js                          0.79 kB
build/assets/ClarifyWidget-DPbP8wDj.js                         0.83 kB
build/assets/index-Chjiymov.js                                 0.87 kB
build/assets/useNotchDropSync-DIb4a8XE.js                      1.23 kB
build/assets/search-u9_7M41a.js                                1.25 kB
build/assets/otp_input-BnwtlARd.js                             1.28 kB
build/assets/CitationsModal-CtUrYrWG.js                        1.63 kB
build/assets/GlassModeContext-CyRGyvL3.js                      1.77 kB
build/assets/index-D-xNIM0i.js                                 1.81 kB
build/assets/createLucideIcon-jKttlKjQ.js                      1.86 kB
build/assets/UserSound-CsYA_OqT.js                             1.86 kB
build/assets/OauthVerify-B1Py0U59.js                           1.88 kB
build/assets/WindowChromeButtons-D9p0KlDO.js                   1.91 kB
build/assets/BrowserChainOfThought-D3ryegDF.js                 2.24 kB
build/assets/close-QgCbdCQ_.js                                 2.47 kB
build/assets/OverlayNotification-BjociE3G.js                   2.65 kB
build/assets/suspendedRoute-DFZPb4Ix.js                        3.64 kB
build/assets/index-EUlTCZpT.js                                 3.69 kB
build/assets/ChatHistory-3E1nfr0E.js                           3.89 kB
build/assets/areYouThere-C0Jhi0pl.js                           4.65 kB
build/assets/askAI-C3G-xW5g.js                                 5.05 kB
build/assets/FormWidget-Bg0y7emN.js                            5.15 kB
build/assets/stableRoutes-ewAnfWq_.js                          6.38 kB
build/assets/workspaceNotFoundRoute-BWuFL2lZ.js                6.66 kB
build/assets/IntermediateSteps-B3RgUyet.js                     7.14 kB
build/assets/store-Cd47TZbD.js                                 7.63 kB
build/assets/index-ghVODJ7d.js                                 7.94 kB
build/assets/DownloadDesktopApp-BhCYEsSg.js                    8.03 kB
build/assets/index-Cj0D8i1W.js                                 8.04 kB
build/assets/pricingPage-EizfKI9G.js                           8.49 kB
build/assets/SwitchWorkspaceModal-Cs3knKIT.js                  9.49 kB
build/assets/download-BI49s71P.js                              9.99 kB
build/assets/UnintegratedAgentApps-C_bckvXS.js                11.40 kB
build/assets/index-D7nl7400.js                                11.50 kB
build/assets/OngoingMeeting-DylLkJlB.js                       11.80 kB
build/assets/InfiniteScroll-d7am4g1R.js                       12.43 kB
build/assets/index-Cjz5Hc8l.js                                13.76 kB
build/assets/ChatPage-P8Wco7Y1.js                             14.06 kB
build/assets/Voice-CEMBzurB.js                                14.35 kB
build/assets/index-CI8lMek5.js                                15.14 kB
build/assets/globalShareModal-CHWcEqav.js                     16.76 kB
build/assets/Slider-DDauXj4V.js                               17.59 kB
build/assets/DeepResearchChainOfThought-Dujw3EhD.js           17.90 kB
build/assets/AIMessageRenderer-CTbmxn2j.js                    22.96 kB
build/assets/Onboarding-6VPr9f8E.js                           23.15 kB
build/assets/overlay-CsMBmQyF.js                              25.04 kB
build/assets/index-0WaOLZfN.js                                26.42 kB
build/assets/arrow-CL7zHxjo.js                                26.47 kB
build/assets/useAssemblyTranscription-B72Wk3y2.js             27.07 kB
build/assets/grip-vertical-j_EHYLZK.js                        28.25 kB
build/assets/dynamicIsland-Cz3gw5Ez.js                        31.50 kB
build/assets/CardMeetBot-CGKnUvP3.js                          35.58 kB
build/assets/main-CHvDGS6v.js                                 51.23 kB
build/assets/outlook-mail-DxMbmlVc.js                         60.57 kB
build/assets/SinglePicker-pfpQOpod.js                         74.57 kB
build/assets/module-Ba_NXYr9.js                               77.05 kB
build/assets/LoginPage-BkZECxGa.js                            85.74 kB
build/assets/chatHelpers-Css4xIv4.js                          96.69 kB
build/assets/isVisible-Bwuu2IZq.js                           102.12 kB
build/assets/ChatBox-otdqz6ib.js                             104.17 kB
build/assets/PricingCheck-BlUYpqoW.js                        112.92 kB
build/assets/lodash-DcFVaTvx.js                              115.48 kB
build/assets/index-Bu2ik1WP.js                               135.54 kB
build/assets/index-CBTKWzr3.js                               144.46 kB
build/assets/NewChat-DpjnyqTA.js                             147.85 kB
build/assets/authWrapper-B1LIbsHL.js                         150.43 kB
build/assets/addOnCards-mTZILsZd.js                          155.36 kB
build/assets/index-Cto9aJKa.js                               199.96 kB
build/assets/publicRoutes-CWwdT0of.js                        203.39 kB
build/assets/livekit-client.esm-BxFnOQo5.js                  405.07 kB
build/assets/native-48B9X9Wg.js                              432.75 kB
build/assets/SettingsWrapper-D9QQIzPy.js                     433.48 kB
build/assets/ContextStates-CKmvJiyt.js                       653.34 kB
build/assets/RecentChat-C0MGLI3j.js                          950.11 kB
build/assets/markdownHelper-Cn9meWa3.js                    1,266.75 kB
build/assets/meetBotWrapper-C4oFdnm5.js                    1,544.44 kB
build/assets/index-BD0eBA5r.js                             1,767.93 kB
✓ built in 35.37s
vite v6.3.6 building for production...
transforming...
✓ 20 modules transformed.
rendering chunks...
computing gzip size...
dist-electron/features/index.js                   0.17 kB │ gzip:  0.14 kB
dist-electron/bridge.js                           0.22 kB │ gzip:  0.19 kB
dist-electron/store.js                            0.35 kB │ gzip:  0.24 kB
dist-electron/services/meetingState.js            0.57 kB │ gzip:  0.30 kB
dist-electron/overlayWindowHelper.js              0.62 kB │ gzip:  0.32 kB
dist-electron/helpers/envHelper.js                0.78 kB │ gzip:  0.40 kB
dist-electron/features/meeting/index.js           1.20 kB │ gzip:  0.42 kB
dist-electron/desktopUtilHelper.js                1.26 kB │ gzip:  0.54 kB
dist-electron/notificationHelper.js               1.43 kB │ gzip:  0.83 kB
dist-electron/windowsCompatibility.js             1.49 kB │ gzip:  0.62 kB
dist-electron/helpers/windowAnimationHelper.js    2.14 kB │ gzip:  1.03 kB
dist-electron/services/idleTracker.js             2.19 kB │ gzip:  0.71 kB
dist-electron/services/ipcThrottleService.js      2.26 kB │ gzip:  0.91 kB
dist-electron/services/websocketService.js        2.54 kB │ gzip:  1.09 kB
dist-electron/helpers/autoUpdateHelper.js         5.31 kB │ gzip:  1.77 kB
dist-electron/galleryHelper.js                    7.58 kB │ gzip:  3.21 kB
dist-electron/helpers/dynamicIslandHelper.js     10.65 kB │ gzip:  2.86 kB
dist-electron/helpers/windowHelper.js            27.08 kB │ gzip:  5.53 kB
dist-electron/services/boringNotchService.js     27.59 kB │ gzip:  6.32 kB
dist-electron/main.js                           127.56 kB │ gzip: 30.40 kB
✓ built in 364ms
vite v6.3.6 building for production...
transforming...
✓ 1 modules transformed.
rendering chunks...
computing gzip size...
dist-electron/preload.js  12.75 kB │ gzip: 3.23 kB
✓ built in 28ms
[0;34m[14:44:57][0m Step 5: Building Electron app...
  • electron-builder  version=26.0.12 os=25.0.0
  • loaded configuration  file=package.json ("build" field)
  • skipped dependencies rebuild  reason=npmRebuild is set to false
  • packaging       platform=darwin arch=arm64 electron=37.6.1 appOutDir=dist/mac-arm64
